Archive member included to satisfy reference by file (symbol)

/usr/lib/gcc/i686-reduceOS/12.2.0/../../../../i686-reduceOS/lib/libc.a(lib_a-atof.o)
                              build/m_config.o (atof)
/usr/lib/gcc/i686-reduceOS/12.2.0/../../../../i686-reduceOS/lib/libc.a(lib_a-atoi.o)
                              build/d_main.o (atoi)
/usr/lib/gcc/i686-reduceOS/12.2.0/../../../../i686-reduceOS/lib/libc.a(lib_a-calloc.o)
                              build/w_wad.o (calloc)
/usr/lib/gcc/i686-reduceOS/12.2.0/../../../../i686-reduceOS/lib/libc.a(lib_a-callocr.o)
                              /usr/lib/gcc/i686-reduceOS/12.2.0/../../../../i686-reduceOS/lib/libc.a(lib_a-calloc.o) (_calloc_r)
/usr/lib/gcc/i686-reduceOS/12.2.0/../../../../i686-reduceOS/lib/libc.a(lib_a-crt0_main.o)
                              /usr/lib/gcc/i686-reduceOS/12.2.0/../../../../i686-reduceOS/lib/crt0.o (crt0_main)
/usr/lib/gcc/i686-reduceOS/12.2.0/../../../../i686-reduceOS/lib/libc.a(lib_a-environ.o)
                              /usr/lib/gcc/i686-reduceOS/12.2.0/../../../../i686-reduceOS/lib/libc.a(lib_a-crt0_main.o) (environ)
/usr/lib/gcc/i686-reduceOS/12.2.0/../../../../i686-reduceOS/lib/libc.a(lib_a-errno.o)
                              build/m_misc.o (__errno)
/usr/lib/gcc/i686-reduceOS/12.2.0/../../../../i686-reduceOS/lib/libc.a(lib_a-exit.o)
                              build/d_main.o (exit)
/usr/lib/gcc/i686-reduceOS/12.2.0/../../../../i686-reduceOS/lib/libc.a(lib_a-fclose.o)
                              build/g_game.o (fclose)
/usr/lib/gcc/i686-reduceOS/12.2.0/../../../../i686-reduceOS/lib/libc.a(lib_a-fflush.o)
                              /usr/lib/gcc/i686-reduceOS/12.2.0/../../../../i686-reduceOS/lib/libc.a(lib_a-fclose.o) (__sflush_r)
/usr/lib/gcc/i686-reduceOS/12.2.0/../../../../i686-reduceOS/lib/libc.a(lib_a-findfp.o)
                              /usr/lib/gcc/i686-reduceOS/12.2.0/../../../../i686-reduceOS/lib/libc.a(lib_a-fclose.o) (__sinit)
/usr/lib/gcc/i686-reduceOS/12.2.0/../../../../i686-reduceOS/lib/libc.a(lib_a-fopen.o)
                              build/g_game.o (fopen)
/usr/lib/gcc/i686-reduceOS/12.2.0/../../../../i686-reduceOS/lib/libc.a(lib_a-fprintf.o)
                              build/am_map.o (fprintf)
/usr/lib/gcc/i686-reduceOS/12.2.0/../../../../i686-reduceOS/lib/libc.a(lib_a-fputs.o)
                              build/i_system.o (fputs)
/usr/lib/gcc/i686-reduceOS/12.2.0/../../../../i686-reduceOS/lib/libc.a(lib_a-fread.o)
                              build/m_menu.o (fread)
/usr/lib/gcc/i686-reduceOS/12.2.0/../../../../i686-reduceOS/lib/libc.a(lib_a-freer.o)
                              /usr/lib/gcc/i686-reduceOS/12.2.0/../../../../i686-reduceOS/lib/libc.a(lib_a-fclose.o) (_free_r)
/usr/lib/gcc/i686-reduceOS/12.2.0/../../../../i686-reduceOS/lib/libc.a(lib_a-fseek.o)
                              /usr/lib/gcc/i686-reduceOS/12.2.0/../../../../i686-reduceOS/lib/libc.a(lib_a-fopen.o) (_fseek_r)
/usr/lib/gcc/i686-reduceOS/12.2.0/../../../../i686-reduceOS/lib/libc.a(lib_a-fseeko.o)
                              /usr/lib/gcc/i686-reduceOS/12.2.0/../../../../i686-reduceOS/lib/libc.a(lib_a-fseek.o) (_fseeko_r)
/usr/lib/gcc/i686-reduceOS/12.2.0/../../../../i686-reduceOS/lib/libc.a(lib_a-fstatr.o)
                              /usr/lib/gcc/i686-reduceOS/12.2.0/../../../../i686-reduceOS/lib/libc.a(lib_a-fseeko.o) (_fstat_r)
/usr/lib/gcc/i686-reduceOS/12.2.0/../../../../i686-reduceOS/lib/libc.a(lib_a-ftell.o)
                              build/g_game.o (ftell)
/usr/lib/gcc/i686-reduceOS/12.2.0/../../../../i686-reduceOS/lib/libc.a(lib_a-ftello.o)
                              /usr/lib/gcc/i686-reduceOS/12.2.0/../../../../i686-reduceOS/lib/libc.a(lib_a-ftell.o) (_ftello_r)
/usr/lib/gcc/i686-reduceOS/12.2.0/../../../../i686-reduceOS/lib/libc.a(lib_a-fvwrite.o)
                              /usr/lib/gcc/i686-reduceOS/12.2.0/../../../../i686-reduceOS/lib/libc.a(lib_a-fputs.o) (__sfvwrite_r)
/usr/lib/gcc/i686-reduceOS/12.2.0/../../../../i686-reduceOS/lib/libc.a(lib_a-fwalk.o)
                              /usr/lib/gcc/i686-reduceOS/12.2.0/../../../../i686-reduceOS/lib/libc.a(lib_a-findfp.o) (_fwalk)
/usr/lib/gcc/i686-reduceOS/12.2.0/../../../../i686-reduceOS/lib/libc.a(lib_a-fwrite.o)
                              build/m_misc.o (fwrite)
/usr/lib/gcc/i686-reduceOS/12.2.0/../../../../i686-reduceOS/lib/libc.a(lib_a-impure.o)
                              /usr/lib/gcc/i686-reduceOS/12.2.0/../../../../i686-reduceOS/lib/libc.a(lib_a-exit.o) (_global_impure_ptr)
/usr/lib/gcc/i686-reduceOS/12.2.0/../../../../i686-reduceOS/lib/libc.a(lib_a-ioctl.o)
                              build/doomgeneric_reduceOS.o (ioctl)
/usr/lib/gcc/i686-reduceOS/12.2.0/../../../../i686-reduceOS/lib/libc.a(lib_a-locale.o)
                              build/f_finale.o (__locale_ctype_ptr)
/usr/lib/gcc/i686-reduceOS/12.2.0/../../../../i686-reduceOS/lib/libc.a(lib_a-makebuf.o)
[...]
Memory Configuration

Name             Origin             Length             Attributes
*default*        0x0000000000000000 0xffffffffffffffff

Linker script and memory map

LOAD /usr/lib/gcc/i686-reduceOS/12.2.0/../../../../i686-reduceOS/lib/crt0.o
LOAD /usr/lib/gcc/i686-reduceOS/12.2.0/crti.o
LOAD /usr/lib/gcc/i686-reduceOS/12.2.0/crtbegin.o
LOAD build/main.o
LOAD build/dummy.o
LOAD build/am_map.o
LOAD build/doomdef.o
LOAD build/doomstat.o
LOAD build/dstrings.o
LOAD build/d_event.o
LOAD build/d_items.o
LOAD build/d_iwad.o
LOAD build/d_loop.o
LOAD build/d_main.o
LOAD build/d_mode.o
LOAD build/d_net.o
LOAD build/f_finale.o
LOAD build/f_wipe.o
LOAD build/g_game.o
LOAD build/hu_lib.o
LOAD build/hu_stuff.o
LOAD build/info.o
LOAD build/i_cdmus.o
LOAD build/i_endoom.o
LOAD build/i_joystick.o
LOAD build/i_scale.o
LOAD build/i_sound.o
LOAD build/i_system.o
LOAD build/i_timer.o
LOAD build/memio.o
LOAD build/m_argv.o
LOAD build/m_bbox.o
LOAD build/m_cheat.o
LOAD build/m_config.o
LOAD build/m_controls.o
LOAD build/m_fixed.o
LOAD build/m_menu.o
LOAD build/m_misc.o
LOAD build/m_random.o
LOAD build/p_ceilng.o
LOAD build/p_doors.o
LOAD build/p_enemy.o
LOAD build/p_floor.o
LOAD build/p_inter.o
LOAD build/p_lights.o
LOAD build/p_map.o
LOAD build/p_maputl.o
LOAD build/p_mobj.o
LOAD build/p_plats.o
LOAD build/p_pspr.o
LOAD build/p_saveg.o
LOAD build/p_setup.o
LOAD build/p_sight.o
LOAD build/p_spec.o
LOAD build/p_switch.o
LOAD build/p_telept.o
LOAD build/p_tick.o
LOAD build/p_user.o
LOAD build/r_bsp.o
LOAD build/r_data.o
LOAD build/r_draw.o
LOAD build/r_main.o
LOAD build/r_plane.o
LOAD build/r_segs.o
LOAD build/r_sky.o
LOAD build/r_things.o
LOAD build/sha1.o
LOAD build/sounds.o
LOAD build/statdump.o
LOAD build/st_lib.o
LOAD build/st_stuff.o
LOAD build/s_sound.o
LOAD build/tables.o
LOAD build/v_video.o
LOAD build/wi_stuff.o
LOAD build/w_checksum.o
LOAD build/w_file.o
LOAD build/w_main.o
LOAD build/w_wad.o
LOAD build/z_zone.o
LOAD build/w_file_stdc.o
LOAD build/i_input.o
LOAD build/i_video.o
LOAD build/doomgeneric.o
LOAD build/doomgeneric_reduceOS.o
LOAD /usr/lib/gcc/i686-reduceOS/12.2.0/../../../../i686-reduceOS/lib/libm.a
LOAD /usr/lib/gcc/i686-reduceOS/12.2.0/../../../../i686-reduceOS/lib/libc.a
LOAD /usr/lib/gcc/i686-reduceOS/12.2.0/libgcc.a
LOAD /usr/lib/gcc/i686-reduceOS/12.2.0/../../../../i686-reduceOS/lib/libc.a
LOAD /usr/lib/gcc/i686-reduceOS/12.2.0/libgcc.a
LOAD /usr/lib/gcc/i686-reduceOS/12.2.0/crtend.o
LOAD /usr/lib/gcc/i686-reduceOS/12.2.0/crtn.o
                [!provide]                        PROVIDE (__executable_start = SEGMENT_START ("text-segment", 0x8000000))
                0x0000000008000074                . = (SEGMENT_START ("text-segment", 0x8000000) + SIZEOF_HEADERS)

.interp
 *(.interp)

.note.gnu.build-id
 *(.note.gnu.build-id)

.hash
 *(.hash)

.gnu.hash
 *(.gnu.hash)

.dynsym
 *(.dynsym)

.dynstr
 *(.dynstr)

.gnu.version
 *(.gnu.version)

.gnu.version_d
 *(.gnu.version_d)

.gnu.version_r
 *(.gnu.version_r)

.rel.dyn        0x0000000008000074        0x0
 *(.rel.init)
 *(.rel.text .rel.text.* .rel.gnu.linkonce.t.*)
 .rel.text      0x0000000008000074        0x0 /usr/lib/gcc/i686-reduceOS/12.2.0/../../../../i686-reduceOS/lib/crt0.o
 *(.rel.fini)
 *(.rel.rodata .rel.rodata.* .rel.gnu.linkonce.r.*)
 *(.rel.data.rel.ro .rel.data.rel.ro.* .rel.gnu.linkonce.d.rel.ro.*)
 *(.rel.data .rel.data.* .rel.gnu.linkonce.d.*)
 *(.rel.tdata .rel.tdata.* .rel.gnu.linkonce.td.*)
 *(.rel.tbss .rel.tbss.* .rel.gnu.linkonce.tb.*)
 *(.rel.ctors)
 *(.rel.dtors)
 *(.rel.got)
 .rel.got       0x0000000008000074        0x0 /usr/lib/gcc/i686-reduceOS/12.2.0/../../../../i686-reduceOS/lib/crt0.o
 *(.rel.bss .rel.bss.* .rel.gnu.linkonce.b.*)
 *(.rel.ifunc)

.rel.plt        0x0000000008000074        0x0
 *(.rel.plt)
                [!provide]                        PROVIDE (__rel_iplt_start = .)
 *(.rel.iplt)
 .rel.iplt      0x0000000008000074        0x0 /usr/lib/gcc/i686-reduceOS/12.2.0/../../../../i686-reduceOS/lib/crt0.o
                [!provide]                        PROVIDE (__rel_iplt_end = .)

.relr.dyn
 *(.relr.dyn)

.init           0x0000000008000074        0xd
 *(SORT_NONE(.init))
 .init          0x0000000008000074        0x0 /usr/lib/gcc/i686-reduceOS/12.2.0/crti.o
                0x0000000008000074                _init
 .init          0x0000000008000074        0x5 /usr/lib/gcc/i686-reduceOS/12.2.0/crtbegin.o
 .init          0x0000000008000079        0x5 /usr/lib/gcc/i686-reduceOS/12.2.0/crtend.o
 .init          0x000000000800007e        0x3 /usr/lib/gcc/i686-reduceOS/12.2.0/crtn.o

.plt            0x0000000008000081        0x0
 *(.plt)
 *(.iplt)
 .iplt          0x0000000008000081        0x0 /usr/lib/gcc/i686-reduceOS/12.2.0/../../../../i686-reduceOS/lib/crt0.o

.plt.got
 *(.plt.got)

.plt.sec
 *(.plt.sec)

.text           0x0000000008000090    0x365e9
 *(.text.unlikely .text.*_unlikely .text.unlikely.*)
 .text.unlikely
                0x0000000008000090        0x9 /usr/lib/gcc/i686-reduceOS/12.2.0/../../../../i686-reduceOS/lib/libc.a(lib_a-mprec.o)
 *(.text.exit .text.exit.*)
 *(.text.startup .text.startup.*)
 .text.startup  0x0000000008000099       0x25 build/main.o
                0x0000000008000099                main
 *(.text.hot .text.hot.*)
 *(SORT_BY_NAME(.text.sorted.*))
 *(.text .stub .text.* .gnu.linkonce.t.*)
 .text          0x00000000080000be        0x5 /usr/lib/gcc/i686-reduceOS/12.2.0/../../../../i686-reduceOS/lib/crt0.o
                0x00000000080000be                _start
 *fill*         0x00000000080000c3        0xd 
 .text          0x00000000080000d0      0x135 /usr/lib/gcc/i686-reduceOS/12.2.0/crtbegin.o
 .text          0x0000000008000205     0x1703 build/am_map.o
                0x0000000008000205                AM_getIslope
                0x0000000008000272                AM_activateNewScale
                0x0000000008000317                AM_saveScaleAndLoc
                0x0000000008000340                AM_restoreScaleAndLoc
                0x00000000080003ef                AM_addMark
                0x000000000800043c                AM_findMinMaxBoundaries
                0x000000000800058a                AM_changeWindowLoc
                0x0000000008000644                AM_initVariables
                0x000000000800078e                AM_loadPics
                0x00000000080007ca                AM_unloadPics
                0x00000000080007fd                AM_clearMarks
                0x0000000008000818                AM_LevelInit
                0x0000000008000892                AM_Stop
                0x00000000080008c1                AM_Start
                0x000000000800091a                AM_minOutWindowScale
                0x0000000008000943                AM_maxOutWindowScale
                0x000000000800096c                AM_Responder
                0x0000000008000c8d                AM_changeWindowScale
                0x0000000008000ce5                AM_doFollowPlayer
                0x0000000008000dbb                AM_updateLightLev
                0x0000000008000e0c                AM_Ticker
                0x0000000008000e56                AM_clearFB
                0x0000000008000e75                AM_clipMline
                0x00000000080011e5                AM_drawFline
                0x0000000008001334                AM_drawMline
                0x000000000800136a                AM_drawGrid
                0x0000000008001434                AM_drawWalls
                0x0000000008001528                AM_rotate
                0x00000000080015a3                AM_drawLineCharacter
                0x000000000800168f                AM_drawPlayers
                0x0000000008001754                AM_drawThings
                0x00000000080017aa                AM_drawMarks
                0x0000000008001860                AM_drawCrosshair
                0x0000000008001886                AM_Drawer
 .text          0x0000000008001908       0x65 build/d_event.o
                0x0000000008001908                D_PostEvent
                0x000000000800193c                D_PopEvent
 .text          0x000000000800196d      0x3dd build/d_iwad.o
                0x00000000080019dd                D_FindWADByName
                0x0000000008001a81                D_TryFindWADByName
                0x0000000008001a9e                D_FindIWAD
                0x0000000008001c53                D_FindAllIWADs
                0x0000000008001caa                D_SaveGameIWADName
                0x0000000008001cd4                D_SuggestIWADName
                0x0000000008001d0b                D_SuggestGameName
 .text          0x0000000008001d4a      0x563 build/d_loop.o
                0x0000000008001d4a                D_QuitNetGame
                0x0000000008001e87                NetUpdate
                0x0000000008001edf                D_ReceiveTic
                0x0000000008001f90                D_StartGameLoop
                0x0000000008001fa9                D_StartNetGame
                0x0000000008001fe9                D_InitNetGame
                0x000000000800200a                TryRunTics
                0x00000000080022a0                D_RegisterLoopCallbacks
 .text          0x00000000080022ad     0x14ac build/d_main.o
                0x00000000080022ad                D_GrabMouseCallback
                0x000000000800232e                D_ProcessEvents
                0x000000000800236b                D_BindVariables
                0x00000000080024ad                D_PageTicker
                0x00000000080024c0                D_PageDrawer
                0x00000000080024e5                D_Display
                0x000000000800282f                doomgeneric_Tick
                0x000000000800286b                D_DoomLoop
                0x0000000008002911                D_AdvanceDemo
                0x000000000800291c                D_DoAdvanceDemo
                0x0000000008002aae                D_StartTitle
                0x0000000008002aca                D_IdentifyVersion
                0x0000000008002c78                D_SetGameDescription
                0x0000000008002d4f                PrintDehackedBanners
                0x0000000008002d50                PrintGameVersion
                0x0000000008002d80                D_DoomMain
 .text          0x0000000008003759      0x146 build/d_mode.o
                0x0000000008003759                D_ValidGameMode
                0x0000000008003789                D_ValidEpisodeMap
                0x0000000008003809                D_GetNumEpisodes
                0x0000000008003833                D_ValidGameVersion
                0x000000000800386d                D_IsEpisodeMap
                0x0000000008003886                D_GameMissionString
 .text          0x000000000800389f      0x3b0 build/d_net.o
                0x000000000800394a                D_ConnectNetGame
                0x0000000008003a39                D_CheckNetGame
 .text          0x0000000008003c4f      0xa75 build/f_finale.o
                0x0000000008003c4f                F_StartFinale
                0x0000000008003d43                F_TextWrite
                0x0000000008003e4a                F_StartCast
                0x0000000008003eb5                F_CastTicker
                0x0000000008004210                F_Ticker
                0x00000000080042db                F_CastResponder
                0x0000000008004350                F_Responder
                0x0000000008004366                F_CastPrint
                0x000000000800441e                F_CastDrawer
                0x00000000080044b6                F_DrawPatchCol
                0x0000000008004509                F_BunnyScroll
                0x0000000008004648                F_Drawer
 .text          0x00000000080046c4      0x424 build/f_wipe.o
                0x00000000080046c4                wipe_doColorXForm
                0x0000000008004722                wipe_exitColorXForm
                0x0000000008004725                wipe_doMelt
                0x000000000800484d                wipe_initColorXForm
                0x000000000800486d                wipe_exitMelt
                0x000000000800489a                wipe_shittyColMajorXform
                0x000000000800492b                wipe_initMelt
                0x00000000080049fa                wipe_StartScreen
                0x0000000008004a1f                wipe_EndScreen
                0x0000000008004a5c                wipe_ScreenWipe
 .text          0x0000000008004ae8     0x2211 build/g_game.o
                0x0000000008004ae8                G_CmdChecksum
                0x0000000008004af8                G_BuildTiccmd
                0x00000000080050ff                G_DoLoadLevel
                0x0000000008005279                G_Responder
                0x0000000008005576                G_PlayerFinishLevel
                0x00000000080055d3                G_PlayerReborn
                0x00000000080056c9                G_InitPlayer
                0x00000000080056ce                G_CheckSpot
                0x00000000080058c6                G_DeathMatchSpawnPlayer
                0x000000000800594c                G_DoReborn
                0x0000000008005a0a                G_ScreenShot
                0x0000000008005a15                G_ExitLevel
                0x0000000008005a27                G_SecretExitLevel
                0x0000000008005a61                G_DoCompleted
                0x0000000008005d37                G_WorldDone
                0x0000000008005d92                G_DoWorldDone
                0x0000000008005dc4                G_LoadGame
                0x0000000008005deb                G_SaveGame
                0x0000000008005e17                G_DoSaveGame
                0x0000000008005f61                G_DeferedInitNew
                0x0000000008005f88                G_InitNew
                0x00000000080061a1                G_DoLoadGame
                0x0000000008006274                G_DoNewGame
                0x00000000080062d7                G_RecordDemo
                0x0000000008006372                G_VanillaVersionCode
                0x00000000080063b4                G_BeginRecording
                0x00000000080064e6                G_DeferedPlayDemo
                0x00000000080064fd                G_DoPlayDemo
                0x00000000080066c8                G_TimeDemo
                0x0000000008006708                G_CheckDemoStatus
                0x000000000800683f                G_ReadDemoTiccmd
                0x00000000080068c2                G_WriteDemoTiccmd
                0x00000000080069e0                G_Ticker
 .text          0x0000000008006cf9      0x54e build/hu_lib.o
                0x0000000008006cf9                HUlib_init
                0x0000000008006cfa                HUlib_clearTextLine
                0x0000000008006d12                HUlib_initTextLine
                0x0000000008006d41                HUlib_addCharToTextLine
                0x0000000008006d75                HUlib_delCharFromTextLine
                0x0000000008006d9d                HUlib_drawTextLine
                0x0000000008006e57                HUlib_eraseTextLine
                0x0000000008006f08                HUlib_initSText
                0x0000000008006f7a                HUlib_addLineToSText
                0x0000000008006fc6                HUlib_addMessageToSText
                0x000000000800702b                HUlib_drawSText
                0x0000000008007072                HUlib_eraseSText
                0x00000000080070cd                HUlib_initIText
                0x000000000800710e                HUlib_delCharFromIText
                0x0000000008007124                HUlib_eraseLineFromIText
                0x0000000008007147                HUlib_resetIText
                0x0000000008007162                HUlib_addPrefixToIText
                0x0000000008007190                HUlib_keyInIText
                0x00000000080071f1                HUlib_drawIText
                0x0000000008007211                HUlib_eraseIText
 .text          0x0000000008007247      0x6aa build/hu_stuff.o
                0x0000000008007247                HU_Init
                0x0000000008007288                HU_Stop
                0x0000000008007290                HU_Start
                0x0000000008007411                HU_Drawer
                0x000000000800744c                HU_Erase
                0x0000000008007479                HU_Ticker
                0x000000000800761c                HU_queueChatChar
                0x0000000008007654                HU_dequeueChatChar
                0x0000000008007675                HU_Responder
 .text          0x00000000080078f1        0x1 build/i_endoom.o
                0x00000000080078f1                I_Endoom
 .text          0x00000000080078f2       0xc7 build/i_joystick.o
                0x00000000080078f2                I_ShutdownJoystick
                0x00000000080078f3                I_InitJoystick
                0x00000000080078f4                I_UpdateJoystick
                0x00000000080078f5                I_BindJoystickVariables
 .text          0x00000000080079b9      0x21a build/i_sound.o
                0x00000000080079b9                I_InitSound
                0x0000000008007a09                I_ShutdownSound
                0x0000000008007a16                I_GetSfxLumpNum
                0x0000000008007a2c                I_UpdateSound
                0x0000000008007a39                I_UpdateSoundParams
                0x0000000008007a82                I_StartSound
                0x0000000008007ad0                I_StopSound
                0x0000000008007ae4                I_SoundIsPlaying
                0x0000000008007afa                I_PrecacheSounds
                0x0000000008007b12                I_InitMusic
                0x0000000008007b13                I_ShutdownMusic
                0x0000000008007b14                I_SetMusicVolume
                0x0000000008007b15                I_PauseSong
                0x0000000008007b16                I_ResumeSong
                0x0000000008007b17                I_RegisterSong
                0x0000000008007b1a                I_UnRegisterSong
                0x0000000008007b1b                I_PlaySong
                0x0000000008007b1c                I_StopSong
                0x0000000008007b1d                I_MusicIsPlaying
                0x0000000008007b20                I_BindSoundVariables
 .text          0x0000000008007bd3      0x46b build/i_system.o
                0x0000000008007bd3                I_AtExit
                0x0000000008007bfe                I_Tactile
                0x0000000008007bff                I_PrintBanner
                0x0000000008007c42                I_PrintDivider
                0x0000000008007c6e                I_PrintStartupBanner
                0x0000000008007c9e                I_ConsoleStdout
                0x0000000008007ca1                I_Quit
                0x0000000008007cbb                I_Error
                0x0000000008007e36                I_ZoneBase
                0x0000000008007ed6                I_GetMemoryValue
 .text          0x000000000800803e       0x5a build/i_timer.o
                0x000000000800803e                I_GetTicks
                0x0000000008008043                I_GetTime
                0x0000000008008070                I_GetTimeMS
                0x0000000008008091                I_Sleep
                0x0000000008008096                I_WaitVBL
                0x0000000008008097                I_InitTimer
 .text          0x0000000008008098       0x9c build/m_argv.o
                0x0000000008008098                M_CheckParmWithArgs
                0x00000000080080dc                M_CheckParm
                0x00000000080080f1                M_ParmExists
                0x000000000800810c                M_FindResponseFile
                0x000000000800810d                M_GetExecutableName
 .text          0x0000000008008134       0x53 build/m_bbox.o
                0x0000000008008134                M_ClearBox
                0x0000000008008157                M_AddToBox
 .text          0x0000000008008187       0x95 build/m_cheat.o
                0x0000000008008187                cht_CheckCheat
                0x0000000008008205                cht_GetParam
 .text          0x000000000800821c      0x34b build/m_config.o
                0x00000000080082d8                M_SetConfigFilenames
                0x00000000080082ed                M_SaveDefaults
                0x00000000080082ee                M_SaveDefaultsAlternate
                0x00000000080082ef                M_LoadDefaults
                0x00000000080083a5                M_BindVariable
                0x00000000080083c2                M_SetVariable
                0x0000000008008453                M_GetIntVariable
                0x000000000800847c                M_GetStrVariable
                0x00000000080084a5                M_GetFloatVariable
                0x00000000080084ce                M_SetConfigDir
                0x0000000008008515                M_GetSaveGameDir
 .text          0x0000000008008567      0x860 build/m_controls.o
                0x0000000008008567                M_BindBaseControls
                0x000000000800873b                M_BindHereticControls
                0x00000000080087dd                M_BindHexenControls
                0x00000000080088a1                M_BindStrifeControls
                0x00000000080089f6                M_BindWeaponControls
                0x0000000008008aed                M_BindMapControls
                0x0000000008008bc2                M_BindMenuControls
                0x0000000008008d74                M_BindChatControls
                0x0000000008008dc6                M_ApplyPlatformDefaults
 .text          0x0000000008008dc7       0x59 build/m_fixed.o
                0x0000000008008dc7                FixedMul
                0x0000000008008dd6                FixedDiv
 .text          0x0000000008008e20     0x1a09 build/m_menu.o
                0x0000000008008e20                M_ChangeMessages
                0x0000000008008e58                M_DrawReadThis2
                0x0000000008008e86                M_DrawMainMenu
                0x0000000008008eaa                M_DrawNewGame
                0x0000000008008ee9                M_DrawEpisode
                0x0000000008008f0d                M_LoadSelect
                0x0000000008008f4b                M_SaveSelect
                0x0000000008008fad                M_DrawReadThis1
                0x0000000008009076                M_SfxVol
                0x00000000080090ad                M_MusicVol
                0x00000000080090e4                M_SizeDisplay
                0x000000000800913e                M_ChangeSensitivity
                0x000000000800916b                M_QuitResponse
                0x00000000080091cc                M_ChangeDetail
                0x0000000008009223                M_QuickLoadResponse
                0x0000000008009252                M_VerifyNightmare
                0x0000000008009281                M_EndGameResponse
                0x00000000080092ae                M_ReadSaveStrings
                0x000000000800933e                M_DrawSaveLoadBorder
                0x00000000080093ba                M_DoSave
                0x00000000080093f1                M_QuickSaveResponse
                0x0000000008009420                M_DrawThermo
                0x00000000080094d8                M_DrawSound
                0x000000000800953f                M_DrawOptions
                0x0000000008009610                M_DrawEmptyCell
                0x000000000800964e                M_DrawSelCell
                0x000000000800968c                M_StartMessage
                0x00000000080096c7                M_QuickLoad
                0x000000000800972a                M_EndGame
                0x0000000008009772                M_QuitDOOM
                0x00000000080097ce                M_ChooseSkill
                0x000000000800980d                M_StopMessage
                0x000000000800981f                M_StringWidth
                0x000000000800987e                M_StringHeight
                0x00000000080098b7                M_WriteText
                0x000000000800992a                M_DrawLoad
                0x000000000800999d                M_DrawSave
                0x0000000008009a5c                M_StartControlPanel
                0x0000000008009a85                M_Drawer
                0x0000000008009c4b                M_ClearMenus
                0x0000000008009c53                M_SetupNextMenu
                0x0000000008009c69                M_LoadGame
                0x0000000008009ca2                M_SaveGame
                0x0000000008009ce6                M_QuickSave
                0x0000000008009d6a                M_Responder
                0x000000000800a628                M_Sound
                0x000000000800a638                M_NewGame
                0x000000000800a68c                M_Episode
                0x000000000800a6f1                M_Options
                0x000000000800a701                M_ReadThis
                0x000000000800a711                M_FinishReadThis
                0x000000000800a721                M_ReadThis2
                0x000000000800a74c                M_Ticker
                0x000000000800a770                M_Init
 .text          0x000000000800a829      0x5e6 build/m_misc.o
                0x000000000800a829                M_MakeDirectory
                0x000000000800a841                M_FileExists
                0x000000000800a87e                M_FileLength
                0x000000000800a8bf                M_WriteFile
                0x000000000800a90b                M_ReadFile
                0x000000000800a997                M_StrToInt
                0x000000000800aa00                M_ExtractFileBase
                0x000000000800aa7d                M_ForceUppercase
                0x000000000800aaa9                M_StrCaseStr
                0x000000000800ab00                M_StringDuplicate
                0x000000000800ab3c                M_StringCopy
                0x000000000800ab7b                M_StringReplace
                0x000000000800ac56                M_StringConcat
                0x000000000800ac87                M_StringStartsWith
                0x000000000800accc                M_StringEndsWith
                0x000000000800ad15                M_StringJoin
                0x000000000800ada1                M_TempFile
                0x000000000800adbd                M_vsnprintf
                0x000000000800adf5                M_snprintf
 .text          0x000000000800ae0f       0x39 build/m_random.o
                0x000000000800ae0f                P_Random
                0x000000000800ae25                M_Random
                0x000000000800ae3b                M_ClearRandom
 .text          0x000000000800ae48      0x375 build/p_ceilng.o
                0x000000000800ae48                P_AddActiveCeiling
                0x000000000800ae6a                P_RemoveActiveCeiling
                0x000000000800aea7                T_MoveCeiling
                0x000000000800aff8                P_ActivateInStasisCeiling
                0x000000000800b031                EV_DoCeiling
                0x000000000800b166                EV_CeilingCrushStop
 .text          0x000000000800b1bd      0x658 build/p_doors.o
                0x000000000800b1bd                T_VerticalDoor
                0x000000000800b332                EV_DoDoor
                0x000000000800b486                EV_DoLockedDoor
                0x000000000800b53c                EV_VerticalDoor
                0x000000000800b756                P_SpawnDoorCloseIn30
                0x000000000800b7a7                P_SpawnDoorRaiseIn5Mins
 .text          0x000000000800b815     0x1e03 build/p_enemy.o
                0x000000000800b815                PIT_VileCheck
                0x000000000800b8ae                P_RecursiveSound
                0x000000000800b953                P_NoiseAlert
                0x000000000800b97b                P_CheckMeleeRange
                0x000000000800b9d4                P_CheckMissileRange
                0x000000000800bac0                P_Move
                0x000000000800bbbf                P_TryWalk
                0x000000000800bbeb                P_NewChaseDir
                0x000000000800be19                P_LookForPlayers
                0x000000000800bf16                A_KeenDie
                0x000000000800bf67                A_Look
                0x000000000800c02e                A_Chase
                0x000000000800c219                A_FaceTarget
                0x000000000800c267                A_PosAttack
                0x000000000800c2e5                A_SPosAttack
                0x000000000800c36f                A_CPosAttack
                0x000000000800c3ec                A_CPosRefire
                0x000000000800c43e                A_SpidRefire
                0x000000000800c490                A_BspiAttack
                0x000000000800c4bd                A_TroopAttack
                0x000000000800c522                A_SargAttack
                0x000000000800c56f                A_HeadAttack
                0x000000000800c5c7                A_CyberAttack
                0x000000000800c5f4                A_BruisAttack
                0x000000000800c651                A_SkelMissile
                0x000000000800c6a1                A_Tracer
                0x000000000800c7ff                A_SkelWhoosh
                0x000000000800c828                A_SkelFist
                0x000000000800c884                A_VileChase
                0x000000000800c9b8                A_VileStart
                0x000000000800c9cd                A_Fire
                0x000000000800ca71                A_StartFire
                0x000000000800ca92                A_FireCrackle
                0x000000000800cab3                A_VileTarget
                0x000000000800cb02                A_VileAttack
                0x000000000800cbc9                A_FatRaise
                0x000000000800cbeb                A_FatAttack1
                0x000000000800cc70                A_FatAttack2
                0x000000000800ccf5                A_FatAttack3
                0x000000000800cdb9                A_SkullAttack
                0x000000000800ce67                A_PainShootSkull
                0x000000000800cf52                A_PainAttack
                0x000000000800cf7c                A_PainDie
                0x000000000800cfc3                A_Scream
                0x000000000800d02e                A_XScream
                0x000000000800d043                A_Pain
                0x000000000800d064                A_Fall
                0x000000000800d070                A_Explode
                0x000000000800d08c                A_BossDeath
                0x000000000800d202                A_Hoof
                0x000000000800d223                A_Metal
                0x000000000800d244                A_BabyMetal
                0x000000000800d265                A_OpenShotgun2
                0x000000000800d27d                A_LoadShotgun2
                0x000000000800d295                A_CloseShotgun2
                0x000000000800d2bf                A_BrainAwake
                0x000000000800d31b                A_BrainPain
                0x000000000800d32f                A_BrainScream
                0x000000000800d3c4                A_BrainExplode
                0x000000000800d43e                A_BrainDie
                0x000000000800d443                A_BrainSpit
                0x000000000800d4b9                A_SpawnFly
                0x000000000800d5c6                A_SpawnSound
                0x000000000800d5e7                A_PlayerScream
 .text          0x000000000800d618      0x64e build/p_floor.o
                0x000000000800d618                T_MovePlane
                0x000000000800d738                T_MoveFloor
                0x000000000800d7ce                EV_DoFloor
                0x000000000800daec                EV_BuildStairs
 .text          0x000000000800dc66      0xd10 build/p_inter.o
                0x000000000800dc66                P_GiveAmmo
                0x000000000800dd74                P_GiveWeapon
                0x000000000800de68                P_GiveBody
                0x000000000800de96                P_GiveArmor
                0x000000000800deba                P_GiveCard
                0x000000000800dee1                P_GivePower
                0x000000000800df5d                P_TouchSpecialThing
                0x000000000800e529                P_KillMobj
                0x000000000800e6d0                P_DamageMobj
 .text          0x000000000800e976      0x3a3 build/p_lights.o
                0x000000000800e976                T_StrobeFlash
                0x000000000800e9a9                T_Glow
                0x000000000800ea02                T_FireFlicker
                0x000000000800ea3e                T_LightFlash
                0x000000000800ea7e                P_SpawnFireFlicker
                0x000000000800ead3                P_SpawnLightFlash
                0x000000000800eb38                P_SpawnStrobeFlash
                0x000000000800ebae                EV_StartLightStrobing
                0x000000000800ebee                EV_TurnTagLightsOff
                0x000000000800ec57                EV_LightTurnOn
                0x000000000800ecc3                P_SpawnGlowingLight
 .text          0x000000000800ed19     0x1423 build/p_map.o
                0x000000000800ed19                PIT_StompThing
                0x000000000800ed91                PIT_CheckLine
                0x000000000800ef37                PIT_CheckThing
                0x000000000800f0ca                PTR_SlideTraverse
                0x000000000800f17f                PTR_AimTraverse
                0x000000000800f2e9                PTR_ShootTraverse
                0x000000000800f5c7                PTR_UseTraverse
                0x000000000800f63a                PIT_RadiusAttack
                0x000000000800f6c6                P_TeleportMove
                0x000000000800f815                P_CheckPosition
                0x000000000800f9a4                P_TryMove
                0x000000000800faf5                P_ThingHeightClip
                0x000000000800fb56                PIT_ChangeSector
                0x000000000800fc2b                P_HitSlideLine
                0x000000000800fd10                P_SlideMove
                0x000000000800fee7                P_AimLineAttack
                0x000000000800ff8e                P_LineAttack
                0x0000000008010012                P_UseLines
                0x0000000008010060                P_RadiusAttack
                0x00000000080100ed                P_ChangeSector
 .text          0x000000000801013c      0xa3b build/p_maputl.o
                0x00000000080101d3                P_AproxDistance
                0x00000000080101fd                P_PointOnLineSide
                0x0000000008010274                P_BoxOnLineSide
                0x0000000008010348                P_PointOnDivlineSide
                0x00000000080103ce                P_MakeDivline
                0x00000000080103f3                P_InterceptVector
                0x0000000008010478                PIT_AddLineIntercepts
                0x000000000801058c                PIT_AddThingIntercepts
                0x000000000801065f                P_LineOpening
                0x00000000080106a5                P_UnsetThingPosition
                0x0000000008010739                P_SetThingPosition
                0x00000000080107d9                P_BlockLinesIterator
                0x0000000008010851                P_BlockThingsIterator
                0x00000000080108a4                P_TraverseIntercepts
                0x0000000008010914                P_PathTraverse
 .text          0x0000000008010b77     0x1024 build/p_mobj.o
                0x0000000008010b77                P_SpawnMobj
                0x0000000008010c74                P_RemoveMobj
                0x0000000008010cfe                P_SetMobjState
                0x0000000008010d71                P_ExplodeMissile
                0x0000000008010dd6                P_ZMovement
                0x0000000008010f68                P_XYMovement
                0x00000000080111db                P_NightmareRespawn
                0x00000000080112d6                P_MobjThinker
                0x000000000801138c                P_RespawnSpecials
                0x000000000801149a                P_SpawnPlayer
                0x00000000080115e9                P_SpawnMapThing
                0x00000000080117e1                P_SpawnPuff
                0x0000000008011867                P_SpawnBlood
                0x0000000008011900                P_CheckMissileSpawn
                0x0000000008011962                P_SubstNullMobj
                0x0000000008011989                P_SpawnMissile
                0x0000000008011a8b                P_SpawnPlayerMissile
 .text          0x0000000008011b9b      0x3f2 build/p_plats.o
                0x0000000008011b9b                P_ActivateInStasis
                0x0000000008011bd0                EV_StopPlat
                0x0000000008011c29                P_AddActivePlat
                0x0000000008011c57                EV_DoPlat
                0x0000000008011e18                P_RemoveActivePlat
                0x0000000008011e63                T_PlatRaise
 .text          0x0000000008011f8d      0xbdd build/p_pspr.o
                0x0000000008011f95                P_SetPsprite
                0x000000000801203d                P_CalcSwing
                0x0000000008012094                P_BringUpWeapon
                0x00000000080120e9                P_CheckAmmo
                0x000000000801221b                P_FireWeapon
                0x0000000008012268                P_DropWeapon
                0x0000000008012288                A_WeaponReady
                0x000000000801238c                A_ReFire
                0x00000000080123c1                A_CheckReload
                0x00000000080123c6                A_Lower
                0x000000000801241c                A_Raise
                0x000000000801245b                A_GunFlash
                0x000000000801248e                A_Punch
                0x000000000801252e                A_Saw
                0x0000000008012621                A_FireMissile
                0x0000000008012650                A_FireBFG
                0x000000000801267f                A_FirePlasma
                0x00000000080126d4                P_BulletSlope
                0x0000000008012743                P_GunShot
                0x000000000801279f                A_FirePistol
                0x0000000008012814                A_FireShotgun
                0x0000000008012887                A_FireShotgun2
                0x0000000008012954                A_FireCGun
                0x0000000008012a00                A_Light0
                0x0000000008012a10                A_Light1
                0x0000000008012a22                A_Light2
                0x0000000008012a34                A_BFGSpray
                0x0000000008012ac7                A_BFGsound
                0x0000000008012adf                P_SetupPsprites
                0x0000000008012aff                P_MovePsprites
 .text          0x0000000008012b6a     0x156f build/p_saveg.o
                0x0000000008012da5                P_TempSaveGameFile
                0x0000000008012ddb                P_SaveGameFile
                0x0000000008012e4d                P_WriteSaveGameHeader
                0x0000000008012f15                P_ReadSaveGameHeader
                0x0000000008012fe9                P_ReadSaveGameEOF
                0x0000000008012ffe                P_WriteSaveGameEOF
                0x0000000008013008                P_ArchivePlayers
                0x000000000801328a                P_UnArchivePlayers
                0x0000000008013514                P_ArchiveWorld
                0x000000000801360a                P_UnArchiveWorld
                0x0000000008013711                P_ArchiveThinkers
                0x00000000080138d2                P_UnArchiveThinkers
                0x0000000008013b13                P_ArchiveSpecials
                0x0000000008013d81                P_UnArchiveSpecials
 .text          0x00000000080140d9      0xc6b build/p_setup.o
                0x00000000080140d9                P_LoadVertexes
                0x0000000008014151                GetSectorAtNullAddress
                0x00000000080141a9                P_LoadSegs
                0x00000000080142cb                P_LoadSubsectors
                0x0000000008014356                P_LoadSectors
                0x0000000008014428                P_LoadNodes
                0x00000000080144f6                P_LoadThings
                0x0000000008014599                P_LoadLineDefs
                0x00000000080146ff                P_LoadSideDefs
                0x00000000080147d3                P_LoadBlockMap
                0x0000000008014865                P_GroupLines
                0x0000000008014a88                P_SetupLevel
                0x0000000008014d22                P_Init
 .text          0x0000000008014d44      0x43c build/p_sight.o
                0x0000000008014d44                P_DivlineSide
                0x0000000008014dbc                P_InterceptVector2
                0x0000000008014e41                P_CrossSubsector
                0x000000000801500f                P_CrossBSPNode
                0x00000000080150aa                P_CheckSight
 .text          0x0000000008015180      0xd95 build/p_spec.o
                0x0000000008015180                P_InitPicAnims
                0x0000000008015276                getSide
                0x000000000801529f                getSector
                0x00000000080152cb                twoSided
                0x00000000080152e9                getNextSector
                0x0000000008015304                P_FindLowestFloorSurrounding
                0x0000000008015344                P_FindHighestFloorSurrounding
                0x0000000008015387                P_FindNextHighestFloor
                0x000000000801541c                P_FindLowestCeilingSurrounding
                0x0000000008015460                P_FindHighestCeilingSurrounding
                0x00000000080154a1                P_FindSectorFromLineTag
                0x00000000080154d4                P_FindMinSurroundingLight
                0x0000000008015517                P_CrossSpecialLine
                0x00000000080158d9                P_ShootSpecialLine
                0x0000000008015951                P_PlayerInSpecialSector
                0x0000000008015a36                P_UpdateSpecials
                0x0000000008015b7f                EV_DoDonut
                0x0000000008015d91                P_SpawnSpecials
 .text          0x0000000008015f15      0x527 build/p_switch.o
                0x0000000008015f15                P_InitSwitchList
                0x0000000008015fa3                P_StartButton
                0x0000000008016021                P_ChangeSwitchTexture
                0x0000000008016177                P_UseSpecialLine
 .text          0x000000000801643c      0x166 build/p_telept.o
                0x000000000801643c                EV_Teleport
 .text          0x00000000080165a2      0x106 build/p_tick.o
                0x00000000080165a2                P_InitThinkers
                0x00000000080165b7                P_AddThinker
                0x00000000080165d6                P_RemoveThinker
                0x00000000080165e5                P_AllocateThinker
                0x00000000080165e6                P_RunThinkers
                0x000000000801662d                P_Ticker
 .text          0x00000000080166a8      0x4b2 build/p_user.o
                0x00000000080166a8                P_Thrust
                0x00000000080166f1                P_CalcHeight
                0x00000000080167fc                P_MovePlayer
                0x0000000008016894                P_DeathThink
                0x000000000801696b                P_PlayerThink
 .text          0x0000000008016b5a      0x56b build/r_bsp.o
                0x0000000008016b5a                R_ClearDrawSegs
                0x0000000008016b65                R_ClipSolidWallSegment
                0x0000000008016c70                R_ClipPassWallSegment
                0x0000000008016ce5                R_ClearClipSegs
                0x0000000008016d18                R_AddLine
                0x0000000008016e4d                R_CheckBBox
                0x0000000008016f76                R_Subsector
                0x0000000008017047                R_RenderBSPNode
 .text          0x00000000080170c5      0xcbf build/r_data.o
                0x00000000080170c5                R_DrawColumnInCache
                0x000000000801710d                R_GenerateComposite
                0x0000000008017205                R_GenerateLookup
                0x000000000801736a                R_GetColumn
                0x00000000080173d7                R_InitTextures
                0x0000000008017895                R_InitFlats
                0x00000000080178fa                R_InitSpriteLumps
                0x0000000008017a06                R_InitColormaps
                0x0000000008017a2a                R_InitData
                0x0000000008017a67                R_FlatNumForName
                0x0000000008017ab1                R_CheckTextureNumForName
                0x0000000008017b05                R_TextureNumForName
                0x0000000008017b38                R_PrecacheLevel
 .text          0x0000000008017d84      0xb6c build/r_draw.o
                0x0000000008017d84                R_DrawColumn
                0x0000000008017e3f                R_DrawColumnLow
                0x0000000008017f11                R_DrawFuzzColumn
                0x0000000008017ff8                R_DrawFuzzColumnLow
                0x0000000008018104                R_DrawTranslatedColumn
                0x00000000080181c6                R_DrawTranslatedColumnLow
                0x00000000080182b8                R_InitTranslationTables
                0x000000000801833d                R_DrawSpan
                0x0000000008018417                R_DrawSpanLow
                0x0000000008018520                R_InitBuffer
                0x0000000008018589                R_FillBackScreen
                0x0000000008018811                R_VideoErase
                0x0000000008018837                R_DrawViewBorder
 .text          0x00000000080188f0      0x941 build/r_main.o
                0x00000000080188f0                R_AddPointToBox
                0x000000000801891c                R_PointOnSide
                0x000000000801899a                R_PointOnSegSide
                0x0000000008018a27                R_PointToAngle
                0x0000000008018b32                R_PointToAngle2
                0x0000000008018b57                R_PointToDist
                0x0000000008018bc4                R_InitPointToAngle
                0x0000000008018bc5                R_ScaleFromGlobalAngle
                0x0000000008018c57                R_InitTables
                0x0000000008018c58                R_InitTextureMapping
                0x0000000008018d5e                R_InitLightTables
                0x0000000008018dd5                R_SetViewSize
                0x0000000008018df4                R_ExecuteSetViewSize
                0x0000000008019041                R_Init
                0x00000000080190d1                R_PointInSubsector
                0x0000000008019131                R_SetupFrame
                0x00000000080191df                R_RenderPlayerView
 .text          0x0000000008019231      0x5ba build/r_plane.o
                0x0000000008019231                R_InitPlanes
                0x0000000008019232                R_MapPlane
                0x00000000080193a5                R_ClearPlanes
                0x000000000801944c                R_FindPlane
                0x00000000080194e7                R_CheckPlane
                0x0000000008019566                R_MakeSpans
                0x00000000080195fd                R_DrawPlanes
 .text          0x00000000080197eb      0xcf5 build/r_segs.o
                0x00000000080197eb                R_RenderMaskedSegRange
                0x00000000080199df                R_RenderSegLoop
                0x0000000008019cde                R_StoreWallRange
 .text          0x000000000801a4e0        0xb build/r_sky.o
                0x000000000801a4e0                R_InitSkyMap
 .text          0x000000000801a4eb      0xdc4 build/r_things.o
                0x000000000801a4eb                R_InstallSpriteLump
                0x000000000801a624                R_InitSpriteDefs
                0x000000000801a827                R_InitSprites
                0x000000000801a842                R_ClearSprites
                0x000000000801a84d                R_NewVisSprite
                0x000000000801a869                R_DrawMaskedColumn
                0x000000000801a935                R_DrawVisSprite
                0x000000000801aa46                R_ProjectSprite
                0x000000000801acda                R_AddSprites
                0x000000000801ad3d                R_DrawPSprite
                0x000000000801aefb                R_DrawPlayerSprites
                0x000000000801af8d                R_SortVisSprites
                0x000000000801b051                R_DrawSprite
                0x000000000801b238                R_DrawMasked
 .text          0x000000000801b2af     0x1596 build/sha1.o
                0x000000000801c613                SHA1_Init
                0x000000000801c645                SHA1_Update
                0x000000000801c708                SHA1_Final
                0x000000000801c7fe                SHA1_UpdateInt32
                0x000000000801c81f                SHA1_UpdateString
 .text          0x000000000801c845       0x4a build/statdump.o
                0x000000000801c845                StatCopy
                0x000000000801c88e                StatDump
 .text          0x000000000801c88f      0x3cd build/st_lib.o
                0x000000000801c88f                STlib_init
                0x000000000801c8ab                STlib_initNum
                0x000000000801c8db                STlib_drawNum
                0x000000000801ca05                STlib_updateNum
                0x000000000801ca1b                STlib_initPercent
                0x000000000801ca52                STlib_updatePercent
                0x000000000801ca8b                STlib_initMultIcon
                0x000000000801cab7                STlib_updateMultIcon
                0x000000000801cb77                STlib_initBinIcon
                0x000000000801cba1                STlib_updateBinIcon
 .text          0x000000000801cc5c     0x12cd build/st_stuff.o
                0x000000000801ce9e                ST_refreshBackground
                0x000000000801cf15                ST_Responder
                0x000000000801d436                ST_calcPainOffset
                0x000000000801d47d                ST_updateFaceWidget
                0x000000000801d757                ST_updateWidgets
                0x000000000801d823                ST_Ticker
                0x000000000801d84d                ST_doPaletteStuff
                0x000000000801d914                ST_drawWidgets
                0x000000000801da17                ST_doRefresh
                0x000000000801da39                ST_diffDraw
                0x000000000801da4b                ST_Drawer
                0x000000000801da96                ST_loadGraphics
                0x000000000801daa0                ST_loadData
                0x000000000801dabb                ST_unloadGraphics
                0x000000000801dac5                ST_unloadData
                0x000000000801dac7                ST_initData
                0x000000000801db56                ST_createWidgets
                0x000000000801deaa                ST_Stop
                0x000000000801dede                ST_Start
                0x000000000801df05                ST_Init
 .text          0x000000000801df29      0x6d2 build/s_sound.o
                0x000000000801df29                S_Shutdown
                0x000000000801e083                S_StopSound
                0x000000000801e0b6                S_StartSound
                0x000000000801e25a                S_PauseSound
                0x000000000801e284                S_ResumeSound
                0x000000000801e2ac                S_UpdateSounds
                0x000000000801e35f                S_SetMusicVolume
                0x000000000801e388                S_SetSfxVolume
                0x000000000801e3b0                S_Init
                0x000000000801e44c                S_MusicPlaying
                0x000000000801e451                S_StopMusic
                0x000000000801e4a7                S_ChangeMusic
                0x000000000801e565                S_Start
                0x000000000801e5e6                S_StartMusic
 .text          0x000000000801e5fb       0x2c build/tables.o
                0x000000000801e5fb                SlopeDiv
 .text          0x000000000801e627      0xbcc build/v_video.o
                0x000000000801e627                V_MarkRect
                0x000000000801e689                V_CopyRect
                0x000000000801e734                V_SetPatchClipCallback
                0x000000000801e741                V_DrawPatch
                0x000000000801e84a                V_DrawPatchFlipped
                0x000000000801e94f                V_DrawPatchDirect
                0x000000000801e954                V_DrawTLPatch
                0x000000000801ea41                V_DrawXlaPatch
                0x000000000801eb16                V_DrawAltTLPatch
                0x000000000801ec03                V_DrawShadowedPatch
                0x000000000801ed0f                V_LoadTintTable
                0x000000000801ed2b                V_LoadXlaTable
                0x000000000801ed47                V_DrawBlock
                0x000000000801edc2                V_DrawFilledBox
                0x000000000801edfc                V_DrawHorizLine
                0x000000000801ee21                V_DrawVertLine
                0x000000000801ee4e                V_DrawBox
                0x000000000801eebb                V_DrawRawScreen
                0x000000000801eed4                V_Init
                0x000000000801eed5                V_UseBuffer
                0x000000000801eee2                V_RestoreBuffer
                0x000000000801eeed                WritePCXfile
                0x000000000801efeb                V_ScreenShot
                0x000000000801f063                V_DrawMouseSpeedBox
 .text          0x000000000801f1f3     0x1a8a build/wi_stuff.o
                0x000000000801f54c                WI_slamBackground
                0x000000000801f566                WI_Responder
                0x000000000801f569                WI_drawLF
                0x000000000801f616                WI_drawEL
                0x000000000801f683                WI_drawOnLnode
                0x000000000801f762                WI_initAnimatedBack
                0x000000000801f7fe                WI_updateAnimatedBack
                0x000000000801f8d1                WI_drawAnimatedBack
                0x000000000801f928                WI_drawNum
                0x000000000801f9e1                WI_drawPercent
                0x000000000801fa1a                WI_drawTime
                0x000000000801faad                WI_initNoState
                0x000000000801fac9                WI_updateNoState
                0x000000000801fae4                WI_initShowNextLoc
                0x000000000801fb04                WI_updateShowNextLoc
                0x000000000801fb3b                WI_drawShowNextLoc
                0x000000000801fbee                WI_drawNoState
                0x000000000801fbfd                WI_fragSum
                0x000000000801fc30                WI_initDeathmatchStats
                0x000000000801fc92                WI_updateDeathmatchStats
                0x000000000801fe75                WI_drawDeathmatchStats
                0x000000000802003b                WI_initNetgameStats
                0x00000000080200c3                WI_updateNetgameStats
                0x00000000080203f0                WI_drawNetgameStats
                0x0000000008020634                WI_initStats
                0x000000000802068b                WI_updateStats
                0x0000000008020900                WI_drawStats
                0x0000000008020a13                WI_checkForAccelerate
                0x0000000008020aa2                WI_Ticker
                0x0000000008020b1d                WI_loadData
                0x0000000008020b8b                WI_unloadData
                0x0000000008020b95                WI_End
                0x0000000008020b97                WI_Drawer
                0x0000000008020bd4                WI_initVariables
                0x0000000008020c43                WI_Start
 .text          0x0000000008020c7d      0x115 build/w_checksum.o
                0x0000000008020c7d                W_Checksum
 .text          0x0000000008020d92       0x41 build/w_file.o
                0x0000000008020d92                W_OpenFile
                0x0000000008020db7                W_CloseFile
                0x0000000008020dc5                W_Read
 .text          0x0000000008020dd3       0x67 build/w_main.o
                0x0000000008020dd3                W_ParseCommandLine
 .text          0x0000000008020e3a      0x650 build/w_wad.o
                0x0000000008020e3a                W_LumpNameHash
                0x0000000008020e87                W_AddFile
                0x00000000080210f5                W_NumLumps
                0x00000000080210fb                W_CheckNumForName
                0x0000000008021191                W_GetNumForName
                0x00000000080211c3                W_LumpLength
                0x00000000080211f4                W_ReadLump
                0x000000000802125e                W_CacheLumpNum
                0x00000000080212ed                W_CacheLumpName
                0x0000000008021311                W_ReleaseLumpNum
                0x000000000802135f                W_ReleaseLumpName
                0x0000000008021376                W_GenerateHashTable
                0x000000000802140f                W_CheckCorrectIWAD
 .text          0x000000000802148a      0x528 build/z_zone.o
                0x000000000802148a                Z_ClearZone
                0x00000000080214c0                Z_Init
                0x000000000802150a                Z_Free
                0x00000000080215a4                Z_Malloc
                0x00000000080216af                Z_FreeTags
                0x0000000008021708                Z_DumpHeap
                0x00000000080217d3                Z_FileDumpHeap
                0x000000000802187c                Z_CheckHeap
                0x00000000080218f1                Z_ChangeTag2
                0x0000000008021946                Z_ChangeUser
                0x0000000008021976                Z_FreeMemory
                0x00000000080219aa                Z_ZoneSize
 .text          0x00000000080219b2       0xb4 build/w_file_stdc.o
                0x00000000080219b2                W_StdC_Read
 .text          0x0000000008021a66       0xdd build/i_input.o
                0x0000000008021a66                I_GetEvent
                0x0000000008021b42                I_InitInput
 .text          0x0000000008021b43      0x44a build/i_video.o
                0x0000000008021b43                cmap_to_rgb565
                0x0000000008021ba4                cmap_to_fb
                0x0000000008021c57                I_InitGraphics
                0x0000000008021de9                I_ShutdownGraphics
                0x0000000008021dff                I_StartFrame
                0x0000000008021e00                I_StartTic
                0x0000000008021e05                I_UpdateNoBlit
                0x0000000008021e06                I_FinishUpdate
                0x0000000008021ea0                I_ReadScreen
                0x0000000008021eb9                I_SetPalette
                0x0000000008021f10                I_GetPaletteIndex
                0x0000000008021f80                I_BeginRead
                0x0000000008021f81                I_EndRead
                0x0000000008021f82                I_SetWindowTitle
                0x0000000008021f87                I_GraphicsCheckCommandLine
                0x0000000008021f88                I_SetGrabMouseCallback
                0x0000000008021f89                I_EnableLoadingDisk
                0x0000000008021f8a                I_BindVideoVariables
                0x0000000008021f8b                I_DisplayFPSDots
                0x0000000008021f8c                I_CheckIsScreensaver
 .text          0x0000000008021f8d       0x3b build/doomgeneric.o
                0x0000000008021f8d                doomgeneric_Create
 .text          0x0000000008021fc8      0x1f9 build/doomgeneric_reduceOS.o
                0x0000000008021fc8                DG_Init
                0x0000000008022100                DG_DrawFrame
                0x0000000008022181                DG_SleepMs
                0x0000000008022191                DG_GetTicksMs
                0x00000000080221a1                DG_GetKey
                0x00000000080221b1                DG_SetWindowTitle
 *fill*         0x00000000080221c1        0xf 
 .text          0x00000000080221d0       0x12 /usr/lib/gcc/i686-reduceOS/12.2.0/../../../../i686-reduceOS/lib/libc.a(lib_a-atof.o)
                0x00000000080221d0                atof
 *fill*         0x00000000080221e2        0xe 
 .text          0x00000000080221f0       0x37 /usr/lib/gcc/i686-reduceOS/12.2.0/../../../../i686-reduceOS/lib/libc.a(lib_a-atoi.o)
                0x00000000080221f0                atoi
                0x0000000008022210                _atoi_r
 *fill*         0x0000000008022227        0x9 
 .text          0x0000000008022230       0x19 /usr/lib/gcc/i686-reduceOS/12.2.0/../../../../i686-reduceOS/lib/libc.a(lib_a-calloc.o)
                0x0000000008022230                calloc
 *fill*         0x0000000008022249        0x7 
 .text          0x0000000008022250       0xa6 /usr/lib/gcc/i686-reduceOS/12.2.0/../../../../i686-reduceOS/lib/libc.a(lib_a-callocr.o)
                0x0000000008022250                _calloc_r
 *fill*         0x00000000080222f6        0xa 
 .text          0x0000000008022300       0x94 /usr/lib/gcc/i686-reduceOS/12.2.0/../../../../i686-reduceOS/lib/libc.a(lib_a-crt0_main.o)
                0x0000000008022300                crt0_main
 *fill*         0x0000000008022394        0xc 
 .text          0x00000000080223a0        0x6 /usr/lib/gcc/i686-reduceOS/12.2.0/../../../../i686-reduceOS/lib/libc.a(lib_a-errno.o)
                0x00000000080223a0                __errno
 *fill*         0x00000000080223a6        0xa 
 .text          0x00000000080223b0       0x34 /usr/lib/gcc/i686-reduceOS/12.2.0/../../../../i686-reduceOS/lib/libc.a(lib_a-exit.o)
                0x00000000080223b0                exit
 *fill*         0x00000000080223e4        0xc 
 .text          0x00000000080223f0      0x116 /usr/lib/gcc/i686-reduceOS/12.2.0/../../../../i686-reduceOS/lib/libc.a(lib_a-fclose.o)
                0x00000000080223f0                _fclose_r
                0x00000000080224f0                fclose
 *fill*         0x0000000008022506        0xa 
 .text          0x0000000008022510      0x2cd /usr/lib/gcc/i686-reduceOS/12.2.0/../../../../i686-reduceOS/lib/libc.a(lib_a-fflush.o)
                0x0000000008022510                __sflush_r
                0x0000000008022700                _fflush_r
                0x0000000008022760                fflush
 *fill*         0x00000000080227dd        0x3 
 .text          0x00000000080227e0      0x40b /usr/lib/gcc/i686-reduceOS/12.2.0/../../../../i686-reduceOS/lib/libc.a(lib_a-findfp.o)
                0x00000000080227f0                _cleanup_r
                0x00000000080229a0                __sfmoreglue
                0x0000000008022a00                __sfp
                0x0000000008022b30                _cleanup
                0x0000000008022b50                __sinit
                0x0000000008022b70                __sfp_lock_acquire
                0x0000000008022b80                __sfp_lock_release
                0x0000000008022b90                __sinit_lock_acquire
                0x0000000008022ba0                __sinit_lock_release
                0x0000000008022bb0                __fp_lock_all
                0x0000000008022bd0                __fp_unlock_all
 *fill*         0x0000000008022beb        0x5 
 .text          0x0000000008022bf0       0xe9 /usr/lib/gcc/i686-reduceOS/12.2.0/../../../../i686-reduceOS/lib/libc.a(lib_a-fopen.o)
                0x0000000008022bf0                _fopen_r
                0x0000000008022cc0                fopen
 *fill*         0x0000000008022cd9        0x7 
 .text          0x0000000008022ce0       0x3d /usr/lib/gcc/i686-reduceOS/12.2.0/../../../../i686-reduceOS/lib/libc.a(lib_a-fprintf.o)
                0x0000000008022ce0                _fprintf_r
                0x0000000008022d00                fprintf
 *fill*         0x0000000008022d1d        0x3 
 .text          0x0000000008022d20       0x99 /usr/lib/gcc/i686-reduceOS/12.2.0/../../../../i686-reduceOS/lib/libc.a(lib_a-fputs.o)
                0x0000000008022d20                _fputs_r
                0x0000000008022da0                fputs
 *fill*         0x0000000008022db9        0x7 
 .text          0x0000000008022dc0      0x21f /usr/lib/gcc/i686-reduceOS/12.2.0/../../../../i686-reduceOS/lib/libc.a(lib_a-fread.o)
                0x0000000008022dc0                _fread_r
                0x0000000008022fc0                fread
 *fill*         0x0000000008022fdf        0x1 
 .text          0x0000000008022fe0      0x3f6 /usr/lib/gcc/i686-reduceOS/12.2.0/../../../../i686-reduceOS/lib/libc.a(lib_a-freer.o)
                0x0000000008022fe0                _malloc_trim_r
                0x00000000080230d0                _free_r
 *fill*         0x00000000080233d6        0xa 
 .text          0x00000000080233e0       0x2c /usr/lib/gcc/i686-reduceOS/12.2.0/../../../../i686-reduceOS/lib/libc.a(lib_a-fseek.o)
                0x00000000080233e0                _fseek_r
                0x00000000080233f0                fseek
 *fill*         0x000000000802340c        0x4 
 .text          0x0000000008023410      0x44c /usr/lib/gcc/i686-reduceOS/12.2.0/../../../../i686-reduceOS/lib/libc.a(lib_a-fseeko.o)
                0x0000000008023410                _fseeko_r
                0x0000000008023840                fseeko
 *fill*         0x000000000802385c        0x4 
 .text          0x0000000008023860       0x39 /usr/lib/gcc/i686-reduceOS/12.2.0/../../../../i686-reduceOS/lib/libc.a(lib_a-fstatr.o)
                0x0000000008023860                _fstat_r
 *fill*         0x0000000008023899        0x7 
 .text          0x00000000080238a0       0x26 /usr/lib/gcc/i686-reduceOS/12.2.0/../../../../i686-reduceOS/lib/libc.a(lib_a-ftell.o)
                0x00000000080238a0                _ftell_r
                0x00000000080238b0                ftell
 *fill*         0x00000000080238c6        0xa 
 .text          0x00000000080238d0       0xf6 /usr/lib/gcc/i686-reduceOS/12.2.0/../../../../i686-reduceOS/lib/libc.a(lib_a-ftello.o)
                0x00000000080238d0                _ftello_r
                0x00000000080239b0                ftello
 *fill*         0x00000000080239c6        0xa 
 .text          0x00000000080239d0      0x475 /usr/lib/gcc/i686-reduceOS/12.2.0/../../../../i686-reduceOS/lib/libc.a(lib_a-fvwrite.o)
                0x00000000080239d0                __sfvwrite_r
 *fill*         0x0000000008023e45        0xb 
 .text          0x0000000008023e50       0xd8 /usr/lib/gcc/i686-reduceOS/12.2.0/../../../../i686-reduceOS/lib/libc.a(lib_a-fwalk.o)
                0x0000000008023e50                _fwalk
                0x0000000008023ec0                _fwalk_reent
 *fill*         0x0000000008023f28        0x8 
 .text          0x0000000008023f30      0x13f /usr/lib/gcc/i686-reduceOS/12.2.0/../../../../i686-reduceOS/lib/libc.a(lib_a-fwrite.o)
                0x0000000008023f30                _fwrite_r
                0x0000000008023fd0                fwrite
 *fill*         0x000000000802406f        0x1 
 .text          0x0000000008024070       0x2e /usr/lib/gcc/i686-reduceOS/12.2.0/../../../../i686-reduceOS/lib/libc.a(lib_a-ioctl.o)
                0x0000000008024070                ioctl
 *fill*         0x000000000802409e        0x2 
 .text          0x00000000080240a0      0x10e /usr/lib/gcc/i686-reduceOS/12.2.0/../../../../i686-reduceOS/lib/libc.a(lib_a-locale.o)
                0x00000000080240a0                _setlocale_r
                0x0000000008024100                __locale_mb_cur_max
                0x0000000008024120                __locale_ctype_ptr_l
                0x0000000008024130                __locale_ctype_ptr
                0x0000000008024150                setlocale
 *fill*         0x00000000080241ae        0x2 
 .text          0x00000000080241b0      0x1ab /usr/lib/gcc/i686-reduceOS/12.2.0/../../../../i686-reduceOS/lib/libc.a(lib_a-makebuf.o)
                0x00000000080241b0                __smakebuf_r
                0x00000000080242e0                __swhatbuf_r
 *fill*         0x000000000802435b        0x5 
 .text          0x0000000008024360       0x39 /usr/lib/gcc/i686-reduceOS/12.2.0/../../../../i686-reduceOS/lib/libc.a(lib_a-malloc.o)
                0x0000000008024360                malloc
                0x0000000008024380                free
 *fill*         0x0000000008024399        0x7 
 .text          0x00000000080243a0      0x7c8 /usr/lib/gcc/i686-reduceOS/12.2.0/../../../../i686-reduceOS/lib/libc.a(lib_a-mallocr.o)
                0x00000000080243a0                _malloc_r
 *fill*         0x0000000008024b68        0x8 
 .text          0x0000000008024b70       0x5b /usr/lib/gcc/i686-reduceOS/12.2.0/../../../../i686-reduceOS/lib/libc.a(lib_a-mbtowc_r.o)
                0x0000000008024b70                _mbtowc_r
                0x0000000008024b90                __ascii_mbtowc
 *fill*         0x0000000008024bcb        0x5 
 .text          0x0000000008024bd0       0x95 /usr/lib/gcc/i686-reduceOS/12.2.0/../../../../i686-reduceOS/lib/libc.a(lib_a-memchr.o)
                0x0000000008024bd0                memchr
 *fill*         0x0000000008024c65        0x3 
 .text          0x0000000008024c68       0x48 /usr/lib/gcc/i686-reduceOS/12.2.0/../../../../i686-reduceOS/lib/libc.a(lib_a-memcpy.o)
                0x0000000008024c68                memcpy
 .text          0x0000000008024cb0       0x8d /usr/lib/gcc/i686-reduceOS/12.2.0/../../../../i686-reduceOS/lib/libc.a(lib_a-memmove.o)
                0x0000000008024cb0                memmove
 .text          0x0000000008024d3d       0x88 /usr/lib/gcc/i686-reduceOS/12.2.0/../../../../i686-reduceOS/lib/libc.a(lib_a-memset.o)
                0x0000000008024d3d                memset
 *fill*         0x0000000008024dc5        0xb 
 .text          0x0000000008024dd0       0x11 /usr/lib/gcc/i686-reduceOS/12.2.0/../../../../i686-reduceOS/lib/libc.a(lib_a-mlock.o)
                0x0000000008024dd0                __malloc_lock
                0x0000000008024de0                __malloc_unlock
 *fill*         0x0000000008024de1        0xf 
 .text          0x0000000008024df0       0x41 /usr/lib/gcc/i686-reduceOS/12.2.0/../../../../i686-reduceOS/lib/libc.a(lib_a-openr.o)
                0x0000000008024df0                _open_r
 *fill*         0x0000000008024e31        0xf 
 .text          0x0000000008024e40       0x3d /usr/lib/gcc/i686-reduceOS/12.2.0/../../../../i686-reduceOS/lib/libc.a(lib_a-printf.o)
                0x0000000008024e40                _printf_r
                0x0000000008024e60                printf
 *fill*         0x0000000008024e7d        0x3 
 .text          0x0000000008024e80       0x39 /usr/lib/gcc/i686-reduceOS/12.2.0/../../../../i686-reduceOS/lib/libc.a(lib_a-putchar.o)
                0x0000000008024e80                _putchar_r
                0x0000000008024ea0                putchar
 *fill*         0x0000000008024eb9        0x7 
 .text          0x0000000008024ec0       0xf6 /usr/lib/gcc/i686-reduceOS/12.2.0/../../../../i686-reduceOS/lib/libc.a(lib_a-putc.o)
                0x0000000008024ec0                _putc_r
                0x0000000008024f40                putc
 *fill*         0x0000000008024fb6        0xa 
 .text          0x0000000008024fc0       0xb6 /usr/lib/gcc/i686-reduceOS/12.2.0/../../../../i686-reduceOS/lib/libc.a(lib_a-puts.o)
                0x0000000008024fc0                _puts_r
                0x0000000008025060                puts
 *fill*         0x0000000008025076        0xa 
 .text          0x0000000008025080       0x19 /usr/lib/gcc/i686-reduceOS/12.2.0/../../../../i686-reduceOS/lib/libc.a(lib_a-realloc.o)
                0x0000000008025080                realloc
 *fill*         0x0000000008025099        0x7 
 .text          0x00000000080250a0      0x5fa /usr/lib/gcc/i686-reduceOS/12.2.0/../../../../i686-reduceOS/lib/libc.a(lib_a-reallocr.o)
                0x00000000080250a0                _realloc_r
 *fill*         0x000000000802569a        0x6 
 .text          0x00000000080256a0      0x1e9 /usr/lib/gcc/i686-reduceOS/12.2.0/../../../../i686-reduceOS/lib/libc.a(lib_a-refill.o)
                0x00000000080256d0                __srefill_r
 *fill*         0x0000000008025889        0x7 
 .text          0x0000000008025890       0x54 /usr/lib/gcc/i686-reduceOS/12.2.0/../../../../i686-reduceOS/lib/libc.a(lib_a-remove.o)
                0x0000000008025890                _remove_r
                0x00000000080258c0                remove
 *fill*         0x00000000080258e4        0xc 
 .text          0x00000000080258f0       0x19 /usr/lib/gcc/i686-reduceOS/12.2.0/../../../../i686-reduceOS/lib/libc.a(lib_a-rename.o)
                0x00000000080258f0                rename
 *fill*         0x0000000008025909        0x7 
 .text          0x0000000008025910       0x3f /usr/lib/gcc/i686-reduceOS/12.2.0/../../../../i686-reduceOS/lib/libc.a(lib_a-renamer.o)
                0x0000000008025910                _rename_r
 *fill*         0x000000000802594f        0x1 
 .text          0x0000000008025950       0x39 /usr/lib/gcc/i686-reduceOS/12.2.0/../../../../i686-reduceOS/lib/libc.a(lib_a-sbrkr.o)
                0x0000000008025950                _sbrk_r
 *fill*         0x0000000008025989        0x7 
 .text          0x0000000008025990      0x168 /usr/lib/gcc/i686-reduceOS/12.2.0/../../../../i686-reduceOS/lib/libc.a(lib_a-snprintf.o)
                0x0000000008025990                _snprintf_r
                0x0000000008025a40                snprintf
 *fill*         0x0000000008025af8        0x8 
 .text          0x0000000008025b00       0xba /usr/lib/gcc/i686-reduceOS/12.2.0/../../../../i686-reduceOS/lib/libc.a(lib_a-sscanf.o)
                0x0000000008025b00                sscanf
                0x0000000008025b60                _sscanf_r
 *fill*         0x0000000008025bba        0x6 
 .text          0x0000000008025bc0      0x123 /usr/lib/gcc/i686-reduceOS/12.2.0/../../../../i686-reduceOS/lib/libc.a(lib_a-stdio.o)
                0x0000000008025bc0                __sread
                0x0000000008025c00                __seofread
                0x0000000008025c10                __swrite
                0x0000000008025c80                __sseek
                0x0000000008025cd0                __sclose
 *fill*         0x0000000008025ce3        0xd 
 .text          0x0000000008025cf0       0x6b /usr/lib/gcc/i686-reduceOS/12.2.0/../../../../i686-reduceOS/lib/libc.a(lib_a-strcasecmp.o)
                0x0000000008025cf0                strcasecmp
 *fill*         0x0000000008025d5b        0x5 
 .text          0x0000000008025d60       0xfc /usr/lib/gcc/i686-reduceOS/12.2.0/../../../../i686-reduceOS/lib/libc.a(lib_a-strchr.o)
                0x0000000008025d60                strchr
 *fill*         0x0000000008025e5c        0x4 
 .text          0x0000000008025e60       0x6f /usr/lib/gcc/i686-reduceOS/12.2.0/../../../../i686-reduceOS/lib/libc.a(lib_a-strcmp.o)
                0x0000000008025e60                strcmp
 *fill*         0x0000000008025ecf        0x1 
 .text          0x0000000008025ed0       0x16 /usr/lib/gcc/i686-reduceOS/12.2.0/../../../../i686-reduceOS/lib/libc.a(lib_a-strdup.o)
                0x0000000008025ed0                strdup
 *fill*         0x0000000008025ee6        0xa 
 .text          0x0000000008025ef0       0x41 /usr/lib/gcc/i686-reduceOS/12.2.0/../../../../i686-reduceOS/lib/libc.a(lib_a-strdup_r.o)
                0x0000000008025ef0                _strdup_r
 *fill*         0x0000000008025f31        0xf 
 .text          0x0000000008025f40       0x79 /usr/lib/gcc/i686-reduceOS/12.2.0/../../../../i686-reduceOS/lib/libc.a(lib_a-strlen.o)
                0x0000000008025f40                strlen
 *fill*         0x0000000008025fb9        0x7 
 .text          0x0000000008025fc0       0x8c /usr/lib/gcc/i686-reduceOS/12.2.0/../../../../i686-reduceOS/lib/libc.a(lib_a-strncasecmp.o)
                0x0000000008025fc0                strncasecmp
 *fill*         0x000000000802604c        0x4 
 .text          0x0000000008026050       0xcf /usr/lib/gcc/i686-reduceOS/12.2.0/../../../../i686-reduceOS/lib/libc.a(lib_a-strncmp.o)
                0x0000000008026050                strncmp
 *fill*         0x000000000802611f        0x1 
 .text          0x0000000008026120       0xa2 /usr/lib/gcc/i686-reduceOS/12.2.0/../../../../i686-reduceOS/lib/libc.a(lib_a-strncpy.o)
                0x0000000008026120                strncpy
 *fill*         0x00000000080261c2        0xe 
 .text          0x00000000080261d0       0x55 /usr/lib/gcc/i686-reduceOS/12.2.0/../../../../i686-reduceOS/lib/libc.a(lib_a-strrchr.o)
                0x00000000080261d0                strrchr
 *fill*         0x0000000008026225        0xb 
 .text          0x0000000008026230      0x865 /usr/lib/gcc/i686-reduceOS/12.2.0/../../../../i686-reduceOS/lib/libc.a(lib_a-strstr.o)
                0x0000000008026780                strstr
 *fill*         0x0000000008026a95        0xb 
 .text          0x0000000008026aa0     0x159f /usr/lib/gcc/i686-reduceOS/12.2.0/../../../../i686-reduceOS/lib/libc.a(lib_a-strtod.o)
                0x0000000008026b00                _strtod_l
                0x0000000008027ec0                _strtod_r
                0x0000000008027ef0                strtod_l
                0x0000000008027f10                strtod
                0x0000000008027f40                strtof_l
                0x0000000008027fc0                strtof
 *fill*         0x000000000802803f        0x1 
 .text          0x0000000008028040      0x281 /usr/lib/gcc/i686-reduceOS/12.2.0/../../../../i686-reduceOS/lib/libc.a(lib_a-strtol.o)
                0x0000000008028230                _strtol_r
                0x0000000008028270                strtol_l
                0x0000000008028290                strtol
 *fill*         0x00000000080282c1        0xf 
 .text          0x00000000080282d0     0x21b0 /usr/lib/gcc/i686-reduceOS/12.2.0/../../../../i686-reduceOS/lib/libc.a(lib_a-svfprintf.o)
                0x00000000080282d0                _svfprintf_r
 .text          0x000000000802a480     0x1916 /usr/lib/gcc/i686-reduceOS/12.2.0/../../../../i686-reduceOS/lib/libc.a(lib_a-svfscanf.o)
                0x000000000802a480                __ssvfscanf_r
 *fill*         0x000000000802bd96        0xa 
 .text          0x000000000802bda0      0x33e /usr/lib/gcc/i686-reduceOS/12.2.0/../../../../i686-reduceOS/lib/libc.a(lib_a-syscalls.o)
                0x000000000802bda0                _exit
                0x000000000802bdb0                close
                0x000000000802bde0                execve
                0x000000000802be10                fork
                0x000000000802be30                fstat
                0x000000000802be60                getpid
                0x000000000802be70                isatty
                0x000000000802beb0                link
                0x000000000802bee0                lseek
                0x000000000802bf10                open
                0x000000000802bf40                read
                0x000000000802bf70                write
                0x000000000802bfa0                sbrk
                0x000000000802bfd0                stat
                0x000000000802bff0                times
                0x000000000802c020                unlink
                0x000000000802c050                wait
                0x000000000802c080                mkdir
                0x000000000802c0b0                waitpid
 *fill*         0x000000000802c0de        0x2 
 .text          0x000000000802c0e0       0x5a /usr/lib/gcc/i686-reduceOS/12.2.0/../../../../i686-reduceOS/lib/libc.a(lib_a-system.o)
                0x000000000802c0e0                _system_r
                0x000000000802c110                system
 *fill*         0x000000000802c13a        0x6 
 .text          0x000000000802c140       0x39 /usr/lib/gcc/i686-reduceOS/12.2.0/../../../../i686-reduceOS/lib/libc.a(lib_a-unlinkr.o)
                0x000000000802c140                _unlink_r
 *fill*         0x000000000802c179        0x7 
 .text          0x000000000802c180     0x2512 /usr/lib/gcc/i686-reduceOS/12.2.0/../../../../i686-reduceOS/lib/libc.a(lib_a-vfprintf.o)
                0x000000000802c180                _vfprintf_r
                0x000000000802e5b0                vfprintf
 *fill*         0x000000000802e692        0xe 
 .text          0x000000000802e6a0      0x16f /usr/lib/gcc/i686-reduceOS/12.2.0/../../../../i686-reduceOS/lib/libc.a(lib_a-vsnprintf.o)
                0x000000000802e6a0                vsnprintf
                0x000000000802e760                _vsnprintf_r
 *fill*         0x000000000802e80f        0x1 
 .text          0x000000000802e810      0x139 /usr/lib/gcc/i686-reduceOS/12.2.0/../../../../i686-reduceOS/lib/libc.a(lib_a-wbuf.o)
                0x000000000802e810                __swbuf_r
                0x000000000802e930                __swbuf
 *fill*         0x000000000802e949        0x7 
 .text          0x000000000802e950       0x54 /usr/lib/gcc/i686-reduceOS/12.2.0/../../../../i686-reduceOS/lib/libc.a(lib_a-wctomb_r.o)
                0x000000000802e950                _wctomb_r
                0x000000000802e970                __ascii_wctomb
 *fill*         0x000000000802e9a4        0xc 
 .text          0x000000000802e9b0       0x41 /usr/lib/gcc/i686-reduceOS/12.2.0/../../../../i686-reduceOS/lib/libc.a(lib_a-writer.o)
                0x000000000802e9b0                _write_r
 *fill*         0x000000000802e9f1        0xf 
 .text          0x000000000802ea00      0x12a /usr/lib/gcc/i686-reduceOS/12.2.0/../../../../i686-reduceOS/lib/libc.a(lib_a-wsetup.o)
                0x000000000802ea00                __swsetup_r
 *fill*         0x000000000802eb2a        0x6 
 .text          0x000000000802eb30      0x127 /usr/lib/gcc/i686-reduceOS/12.2.0/../../../../i686-reduceOS/lib/libc.a(lib_a-__call_atexit.o)
                0x000000000802eb30                __call_exitprocs
 *fill*         0x000000000802ec57        0x9 
 .text          0x000000000802ec60       0x39 /usr/lib/gcc/i686-reduceOS/12.2.0/../../../../i686-reduceOS/lib/libc.a(lib_a-closer.o)
                0x000000000802ec60                _close_r
 *fill*         0x000000000802ec99        0x7 
 .text          0x000000000802eca0     0x13e3 /usr/lib/gcc/i686-reduceOS/12.2.0/../../../../i686-reduceOS/lib/libc.a(lib_a-dtoa.o)
                0x000000000802eea0                _dtoa_r
 *fill*         0x0000000008030083        0xd 
 .text          0x0000000008030090       0xb3 /usr/lib/gcc/i686-reduceOS/12.2.0/../../../../i686-reduceOS/lib/libc.a(lib_a-flags.o)
                0x0000000008030090                __sflags
 *fill*         0x0000000008030143        0xd 
 .text          0x0000000008030150      0x9e1 /usr/lib/gcc/i686-reduceOS/12.2.0/../../../../i686-reduceOS/lib/libc.a(lib_a-gdtoa-gethex.o)
                0x0000000008030260                __gethex
 *fill*         0x0000000008030b31        0xf 
 .text          0x0000000008030b40      0x31d /usr/lib/gcc/i686-reduceOS/12.2.0/../../../../i686-reduceOS/lib/libc.a(lib_a-gdtoa-hexnan.o)
                0x0000000008030b40                __match
                0x0000000008030b90                __hexnan
 *fill*         0x0000000008030e5d        0x3 
 .text          0x0000000008030e60       0x39 /usr/lib/gcc/i686-reduceOS/12.2.0/../../../../i686-reduceOS/lib/libc.a(lib_a-isattyr.o)
                0x0000000008030e60                _isatty_r
 *fill*         0x0000000008030e99        0x7 
 .text          0x0000000008030ea0       0x32 /usr/lib/gcc/i686-reduceOS/12.2.0/../../../../i686-reduceOS/lib/libc.a(lib_a-iswspace.o)
                0x0000000008030ea0                iswspace
 *fill*         0x0000000008030ed2        0xe 
 .text          0x0000000008030ee0       0x39 /usr/lib/gcc/i686-reduceOS/12.2.0/../../../../i686-reduceOS/lib/libc.a(lib_a-linkr.o)
                0x0000000008030ee0                _link_r
 *fill*         0x0000000008030f19        0x7 
 .text          0x0000000008030f20       0x48 /usr/lib/gcc/i686-reduceOS/12.2.0/../../../../i686-reduceOS/lib/libc.a(lib_a-localeconv.o)
                0x0000000008030f20                __localeconv_l
                0x0000000008030f30                _localeconv_r
                0x0000000008030f50                localeconv
 *fill*         0x0000000008030f68        0x8 
 .text          0x0000000008030f70       0x41 /usr/lib/gcc/i686-reduceOS/12.2.0/../../../../i686-reduceOS/lib/libc.a(lib_a-lseekr.o)
                0x0000000008030f70                _lseek_r
 *fill*         0x0000000008030fb1        0xf 
 .text          0x0000000008030fc0      0x111 /usr/lib/gcc/i686-reduceOS/12.2.0/../../../../i686-reduceOS/lib/libc.a(lib_a-mbrtowc.o)
                0x0000000008030fc0                _mbrtowc_r
                0x0000000008031050                mbrtowc
 .text          0x00000000080310d1       0x52 /usr/lib/gcc/i686-reduceOS/12.2.0/../../../../i686-reduceOS/lib/libc.a(lib_a-memcmp.o)
                0x00000000080310d1                memcmp
 *fill*         0x0000000008031123        0xd 
 .text          0x0000000008031130      0xf7b /usr/lib/gcc/i686-reduceOS/12.2.0/../../../../i686-reduceOS/lib/libc.a(lib_a-mprec.o)
                0x0000000008031130                _Balloc
                0x00000000080311c0                _Bfree
                0x00000000080311e0                __multadd
                0x00000000080312b0                __s2b
                0x00000000080313a0                __hi0bits
                0x0000000008031420                __lo0bits
                0x00000000080314a0                __i2b
                0x0000000008031530                __multiply
                0x0000000008031740                __pow5mult
                0x0000000008031850                __lshift
                0x0000000008031990                __mcmp
                0x00000000080319e0                __mdiff
                0x0000000008031c30                __ulp
                0x0000000008031cb0                __b2d
                0x0000000008031df0                __d2b
                0x0000000008031f10                __ratio
                0x0000000008031fb0                _mprec_log10
                0x0000000008031fe0                __copybits
                0x0000000008032040                __any_on
 *fill*         0x00000000080320ab        0x5 
 .text          0x00000000080320b0       0x41 /usr/lib/gcc/i686-reduceOS/12.2.0/../../../../i686-reduceOS/lib/libc.a(lib_a-readr.o)
                0x00000000080320b0                _read_r
 *fill*         0x00000000080320f1        0xf 
 .text          0x0000000008032100       0xd8 /usr/lib/gcc/i686-reduceOS/12.2.0/../../../../i686-reduceOS/lib/libc.a(lib_a-sccl.o)
                0x0000000008032100                __sccl
 *fill*         0x00000000080321d8        0x8 
 .text          0x00000000080321e0        0x7 /usr/lib/gcc/i686-reduceOS/12.2.0/../../../../i686-reduceOS/lib/libc.a(lib_a-sf_nan.o)
                0x00000000080321e0                nanf
 *fill*         0x00000000080321e7        0x9 
 .text          0x00000000080321f0       0x82 /usr/lib/gcc/i686-reduceOS/12.2.0/../../../../i686-reduceOS/lib/libc.a(lib_a-sprintf.o)
                0x00000000080321f0                _sprintf_r
                0x0000000008032230                sprintf
 *fill*         0x0000000008032272        0xe 
 .text          0x0000000008032280      0x281 /usr/lib/gcc/i686-reduceOS/12.2.0/../../../../i686-reduceOS/lib/libc.a(lib_a-strtoul.o)
                0x0000000008032470                _strtoul_r
                0x00000000080324b0                strtoul_l
                0x00000000080324d0                strtoul
 *fill*         0x0000000008032501        0xf 
 .text          0x0000000008032510     0x1076 /usr/lib/gcc/i686-reduceOS/12.2.0/../../../../i686-reduceOS/lib/libc.a(lib_a-svfiprintf.o)
                0x0000000008032510                __ssprint_r
                0x00000000080326c0                _svfiprintf_r
 *fill*         0x0000000008033586        0xa 
 .text          0x0000000008033590     0x169d /usr/lib/gcc/i686-reduceOS/12.2.0/../../../../i686-reduceOS/lib/libc.a(lib_a-svfiscanf.o)
                0x0000000008033590                _sungetc_r
                0x0000000008033650                __ssrefill_r
                0x00000000080336b0                _sfread_r
                0x0000000008033790                __ssvfiscanf_r
 *fill*         0x0000000008034c2d        0x3 
 .text          0x0000000008034c30      0x219 /usr/lib/gcc/i686-reduceOS/12.2.0/../../../../i686-reduceOS/lib/libc.a(lib_a-ungetc.o)
                0x0000000008034c30                __submore
                0x0000000008034ce0                _ungetc_r
                0x0000000008034e30                ungetc
 *fill*         0x0000000008034e49        0x7 
 .text          0x0000000008034e50     0x1442 /usr/lib/gcc/i686-reduceOS/12.2.0/../../../../i686-reduceOS/lib/libc.a(lib_a-vfiprintf.o)
                0x0000000008034f20                __sprint_r
                0x0000000008034f50                _vfiprintf_r
                0x00000000080361b0                vfiprintf
 *fill*         0x0000000008036292        0xe 
 .text          0x00000000080362a0      0x136 /usr/lib/gcc/i686-reduceOS/12.2.0/../../../../i686-reduceOS/lib/libc.a(lib_a-fputwc.o)
                0x00000000080362a0                __fputwc
                0x0000000008036340                _fputwc_r
                0x0000000008036380                fputwc
 *fill*         0x00000000080363d6        0xa 
 .text          0x00000000080363e0       0xf3 /usr/lib/gcc/i686-reduceOS/12.2.0/../../../../i686-reduceOS/lib/libc.a(lib_a-wcrtomb.o)
                0x00000000080363e0                _wcrtomb_r
                0x0000000008036460                wcrtomb
 *fill*         0x00000000080364d3        0xd 
 .text          0x00000000080364e0      0x152 /usr/lib/gcc/i686-reduceOS/12.2.0/libgcc.a(_divdi3.o)
                0x00000000080364e0                __divdi3
 *fill*         0x0000000008036632        0xe 
 .text          0x0000000008036640       0x39 /usr/lib/gcc/i686-reduceOS/12.2.0/crtend.o
 *(.gnu.warning)

.fini           0x0000000008036679        0x8
 *(SORT_NONE(.fini))
 .fini          0x0000000008036679        0x0 /usr/lib/gcc/i686-reduceOS/12.2.0/crti.o
                0x0000000008036679                _fini
 .fini          0x0000000008036679        0x5 /usr/lib/gcc/i686-reduceOS/12.2.0/crtbegin.o
 .fini          0x000000000803667e        0x3 /usr/lib/gcc/i686-reduceOS/12.2.0/crtn.o
                [!provide]                        PROVIDE (__etext = .)
                [!provide]                        PROVIDE (_etext = .)
                [!provide]                        PROVIDE (etext = .)

.rodata         0x00000000080366a0    0x19ca8
 *(.rodata .rodata.* .gnu.linkonce.r.*)
 .rodata.str1.1
                0x00000000080366a0       0x67 build/am_map.o
 *fill*         0x0000000008036707       0x19 
 .rodata        0x0000000008036720       0x40 build/am_map.o
 .rodata.str1.1
                0x0000000008036760      0x328 build/dstrings.o
 .rodata.str1.1
                0x0000000008036a88      0x1b6 build/d_iwad.o
                                        0x1d3 (size before relaxing)
 *fill*         0x0000000008036c3e        0x2 
 .rodata        0x0000000008036c40       0xe0 build/d_iwad.o
 .rodata.str1.1
                0x0000000008036d20       0x6e build/d_loop.o
 .rodata.str1.1
                0x0000000008036d8e      0x96d build/d_main.o
                                        0x9bb (size before relaxing)
 *fill*         0x00000000080376fb        0x5 
 .rodata        0x0000000008037700      0x178 build/d_main.o
 .rodata.str1.1
                0x0000000008037878       0x1a build/d_mode.o
                                         0x3c (size before relaxing)
 *fill*         0x0000000008037892        0xe 
 .rodata        0x00000000080378a0      0x170 build/d_mode.o
 .rodata.str1.1
                0x0000000008037a10      0x155 build/d_net.o
                                        0x16d (size before relaxing)
 .rodata.str1.1
                0x0000000008037b65     0x1ef5 build/f_finale.o
                                       0x1f08 (size before relaxing)
 *fill*         0x0000000008039a5a        0x2 
 .rodata        0x0000000008039a5c       0x18 build/f_wipe.o
 .rodata.str1.1
                0x0000000008039a74      0x348 build/g_game.o
                                        0x369 (size before relaxing)